// Jest Snapshot v1, https://goo.gl/fbAQLP

exports[`Test in <EmployeeCard /> must match snapshot 1`] = `
<div>
  <div
    class="card"
  >
    <div
      class="card-avatar"
    >
      T
    </div>
    <div
      class="group-items"
    >
      <div
        class="group-card"
      >
        <h3>
          test name
        </h3>
        <div
          class="list-button"
        >
          <button>
            <span
              class="material-icons"
            >
              edit
            </span>
          </button>
        </div>
      </div>
      <div
        class="content-card"
      >
        <p>
          <span
            class="material-icons"
          >
            person
          </span>
          566667
        </p>
        <p>
          <span
            class="material-icons"
          >
            call
          </span>
          1234567
        </p>
      </div>
    </div>
  </div>
</div>
`;
