// Jest Snapshot v1, https://goo.gl/fbAQLP

exports[`Test in <SearchInput /> must match snapshot 1`] = `
<div>
  <div
    class="search-bar"
  >
    <input
      data-testid="test-input-search"
      name=""
      type="text"
    />
    <div>
      <button>
        <span
          class="material-icons"
        >
          search
        </span>
      </button>
    </div>
  </div>
</div>
`;
